INFO - 2026-02-13 07:01:28 --> Session: Class initialized using 'CodeIgniter\Session\Handlers\FileHandler' driver.
INFO - 2026-02-13 07:21:22 --> Session: Class initialized using 'CodeIgniter\Session\Handlers\FileHandler' driver.
INFO - 2026-02-13 08:40:42 --> Session: Class initialized using 'CodeIgniter\Session\Handlers\FileHandler' driver.
INFO - 2026-02-13 08:41:40 --> Session: Class initialized using 'CodeIgniter\Session\Handlers\FileHandler' driver.
ERROR - 2026-02-13 12:00:11 --> Error connecting to the database: mysqli_sql_exception: Connection refused in /home/vol2_8/byethost24.com/b24_38059003/htdocs/system/Database/MySQLi/Connection.php:186
Stack trace:
#0 /home/vol2_8/byethost24.com/b24_38059003/htdocs/system/Database/MySQLi/Connection.php(186): mysqli->real_connect('sql313.byethost...', 'b24_38059003', Object(SensitiveParameterValue), 'b24_38059003_db', 3306, '', 0)
#1 /home/vol2_8/byethost24.com/b24_38059003/htdocs/system/Database/BaseConnection.php(421): CodeIgniter\Database\MySQLi\Connection->connect(false)
#2 /home/vol2_8/byethost24.com/b24_38059003/htdocs/system/Database/BaseConnection.php(616): CodeIgniter\Database\BaseConnection->initialize()
#3 /home/vol2_8/byethost24.com/b24_38059003/htdocs/system/Database/BaseBuilder.php(1644): CodeIgniter\Database\BaseConnection->query('SELECT *\nFROM `...', Array, false)
#4 /home/vol2_8/byethost24.com/b24_38059003/htdocs/system/Model.php(286): CodeIgniter\Database\BaseBuilder->get()
#5 /home/vol2_8/byethost24.com/b24_38059003/htdocs/system/BaseModel.php(676): CodeIgniter\Model->doFindAll(0, 0)
#6 /home/vol2_8/byethost24.com/b24_38059003/htdocs/app/Config/Routes.php(9): CodeIgniter\BaseModel->findAll()
#7 /home/vol2_8/byethost24.com/b24_38059003/htdocs/system/Router/RouteCollection.php(340): require('/home/vol2_8/by...')
#8 /home/vol2_8/byethost24.com/b24_38059003/htdocs/system/CodeIgniter.php(823): CodeIgniter\Router\RouteCollection->loadRoutes()
#9 /home/vol2_8/byethost24.com/b24_38059003/htdocs/system/CodeIgniter.php(457): CodeIgniter\CodeIgniter->tryToRouteIt(NULL)
#10 /home/vol2_8/byethost24.com/b24_38059003/htdocs/system/CodeIgniter.php(355): CodeIgniter\CodeIgniter->handleRequest(NULL, Object(Config\Cache), false)
#11 /home/vol2_8/byethost24.com/b24_38059003/htdocs/system/Boot.php(325): CodeIgniter\CodeIgniter->run()
#12 /home/vol2_8/byethost24.com/b24_38059003/htdocs/system/Boot.php(67): CodeIgniter\Boot::runCodeIgniter(Object(CodeIgniter\CodeIgniter))
#13 /home/vol2_8/byethost24.com/b24_38059003/htdocs/public/index.php(56): CodeIgniter\Boot::bootWeb(Object(Config\Paths))
#14 {main}

Next CodeIgniter\Database\Exceptions\DatabaseException: Connection refused in /home/vol2_8/byethost24.com/b24_38059003/htdocs/system/Database/MySQLi/Connection.php:231
Stack trace:
#0 /home/vol2_8/byethost24.com/b24_38059003/htdocs/system/Database/BaseConnection.php(421): CodeIgniter\Database\MySQLi\Connection->connect(false)
#1 /home/vol2_8/byethost24.com/b24_38059003/htdocs/system/Database/BaseConnection.php(616): CodeIgniter\Database\BaseConnection->initialize()
#2 /home/vol2_8/byethost24.com/b24_38059003/htdocs/system/Database/BaseBuilder.php(1644): CodeIgniter\Database\BaseConnection->query('SELECT *\nFROM `...', Array, false)
#3 /home/vol2_8/byethost24.com/b24_38059003/htdocs/system/Model.php(286): CodeIgniter\Database\BaseBuilder->get()
#4 /home/vol2_8/byethost24.com/b24_38059003/htdocs/system/BaseModel.php(676): CodeIgniter\Model->doFindAll(0, 0)
#5 /home/vol2_8/byethost24.com/b24_38059003/htdocs/app/Config/Routes.php(9): CodeIgniter\BaseModel->findAll()
#6 /home/vol2_8/byethost24.com/b24_38059003/htdocs/system/Router/RouteCollection.php(340): require('/home/vol2_8/by...')
#7 /home/vol2_8/byethost24.com/b24_38059003/htdocs/system/CodeIgniter.php(823): CodeIgniter\Router\RouteCollection->loadRoutes()
#8 /home/vol2_8/byethost24.com/b24_38059003/htdocs/system/CodeIgniter.php(457): CodeIgniter\CodeIgniter->tryToRouteIt(NULL)
#9 /home/vol2_8/byethost24.com/b24_38059003/htdocs/system/CodeIgniter.php(355): CodeIgniter\CodeIgniter->handleRequest(NULL, Object(Config\Cache), false)
#10 /home/vol2_8/byethost24.com/b24_38059003/htdocs/system/Boot.php(325): CodeIgniter\CodeIgniter->run()
#11 /home/vol2_8/byethost24.com/b24_38059003/htdocs/system/Boot.php(67): CodeIgniter\Boot::runCodeIgniter(Object(CodeIgniter\CodeIgniter))
#12 /home/vol2_8/byethost24.com/b24_38059003/htdocs/public/index.php(56): CodeIgniter\Boot::bootWeb(Object(Config\Paths))
#13 {main}
CRITICAL - 2026-02-13 12:00:11 --> CodeIgniter\Database\Exceptions\DatabaseException: Unable to connect to the database.
Main connection [MySQLi]: Connection refused
[Method: GET, Route: /]
in SYSTEMPATH/Database/BaseConnection.php on line 467.
 1 SYSTEMPATH/Database/BaseConnection.php(616): CodeIgniter\Database\BaseConnection->initialize()
 2 SYSTEMPATH/Database/BaseBuilder.php(1644): CodeIgniter\Database\BaseConnection->query('SELECT *
FROM `routes`', [], false)
 3 SYSTEMPATH/Model.php(286): CodeIgniter\Database\BaseBuilder->get()
 4 SYSTEMPATH/BaseModel.php(676): CodeIgniter\Model->doFindAll(0, 0)
 5 APPPATH/Config/Routes.php(9): CodeIgniter\BaseModel->findAll()
 6 SYSTEMPATH/Router/RouteCollection.php(340): require('/home/vol2_8/byethost24.com/b24_38059003/htdocs/app/Config/Routes.php')
 7 SYSTEMPATH/CodeIgniter.php(823): CodeIgniter\Router\RouteCollection->loadRoutes()
 8 SYSTEMPATH/CodeIgniter.php(457): CodeIgniter\CodeIgniter->tryToRouteIt(null)
 9 SYSTEMPATH/CodeIgniter.php(355): CodeIgniter\CodeIgniter->handleRequest(null, Object(Config\Cache), false)
10 SYSTEMPATH/Boot.php(325): CodeIgniter\CodeIgniter->run()
11 SYSTEMPATH/Boot.php(67): CodeIgniter\Boot::runCodeIgniter(Object(CodeIgniter\CodeIgniter))
12 FCPATH/index.php(56): CodeIgniter\Boot::bootWeb(Object(Config\Paths))
