INFO - 2025-02-28 10:34:34 --> Session: Class initialized using 'CodeIgniter\Session\Handlers\FileHandler' driver.
INFO - 2025-02-28 10:34:36 --> Session: Class initialized using 'CodeIgniter\Session\Handlers\FileHandler' driver.
CRITICAL - 2025-02-28 10:34:36 --> ErrorException: Undefined array key "contact"
[Method: GET, Route: contact]
in APPPATH/Views/public/contact.php on line 17.
 1 APPPATH/Views/public/contact.php(17): CodeIgniter\Debug\Exceptions->errorHandler(2, 'Undefined array key "contact"', '/home/vol2_8/byethost24.com/b24_38059003/htdocs/app/Views/public/contact.php', 17)
 2 SYSTEMPATH/View/View.php(234): include('/home/vol2_8/byethost24.com/b24_38059003/htdocs/app/Views/public/contact.php')
 3 SYSTEMPATH/View/View.php(237): CodeIgniter\View\View->CodeIgniter\View\{closure}()
 4 SYSTEMPATH/Common.php(1171): CodeIgniter\View\View->render('public/contact.php', [], true)
 5 APPPATH/Controllers/Public/Contact.php(9): view('public/contact.php', [...])
 6 SYSTEMPATH/CodeIgniter.php(933): App\Controllers\Public\Contact->index()
 7 SYSTEMPATH/CodeIgniter.php(509): CodeIgniter\CodeIgniter->runController(Object(App\Controllers\Public\Contact))
 8 SYSTEMPATH/CodeIgniter.php(355): CodeIgniter\CodeIgniter->handleRequest(null, Object(Config\Cache), false)
 9 SYSTEMPATH/Boot.php(325): CodeIgniter\CodeIgniter->run()
10 SYSTEMPATH/Boot.php(67): CodeIgniter\Boot::runCodeIgniter(Object(CodeIgniter\CodeIgniter))
11 FCPATH/index.php(56): CodeIgniter\Boot::bootWeb(Object(Config\Paths))
INFO - 2025-02-28 10:38:11 --> Session: Class initialized using 'CodeIgniter\Session\Handlers\FileHandler' driver.
ERROR - 2025-02-28 10:38:11 --> mysqli_sql_exception: Unknown column 'sg.set_group_key' in 'where clause' in /home/vol2_8/byethost24.com/b24_38059003/htdocs/system/Database/MySQLi/Connection.php:312
Stack trace:
#0 /home/vol2_8/byethost24.com/b24_38059003/htdocs/system/Database/MySQLi/Connection.php(312): mysqli->query('SELECT *\nFROM `...', 0)
#1 /home/vol2_8/byethost24.com/b24_38059003/htdocs/system/Database/BaseConnection.php(734): CodeIgniter\Database\MySQLi\Connection->execute('SELECT *\nFROM `...')
#2 /home/vol2_8/byethost24.com/b24_38059003/htdocs/system/Database/BaseConnection.php(648): CodeIgniter\Database\BaseConnection->simpleQuery('SELECT *\nFROM `...')
#3 /home/vol2_8/byethost24.com/b24_38059003/htdocs/system/Database/BaseBuilder.php(1644): CodeIgniter\Database\BaseConnection->query('SELECT *\nFROM `...', Array, false)
#4 /home/vol2_8/byethost24.com/b24_38059003/htdocs/system/Model.php(286): CodeIgniter\Database\BaseBuilder->get()
#5 /home/vol2_8/byethost24.com/b24_38059003/htdocs/system/BaseModel.php(676): CodeIgniter\Model->doFindAll(0, 0)
#6 /home/vol2_8/byethost24.com/b24_38059003/htdocs/app/Controllers/Public/Contact.php(14): CodeIgniter\BaseModel->findAll()
#7 /home/vol2_8/byethost24.com/b24_38059003/htdocs/system/CodeIgniter.php(933): App\Controllers\Public\Contact->index()
#8 /home/vol2_8/byethost24.com/b24_38059003/htdocs/system/CodeIgniter.php(509): CodeIgniter\CodeIgniter->runController(Object(App\Controllers\Public\Contact))
#9 /home/vol2_8/byethost24.com/b24_38059003/htdocs/system/CodeIgniter.php(355): CodeIgniter\CodeIgniter->handleRequest(NULL, Object(Config\Cache), false)
#10 /home/vol2_8/byethost24.com/b24_38059003/htdocs/system/Boot.php(325): CodeIgniter\CodeIgniter->run()
#11 /home/vol2_8/byethost24.com/b24_38059003/htdocs/system/Boot.php(67): CodeIgniter\Boot::runCodeIgniter(Object(CodeIgniter\CodeIgniter))
#12 /home/vol2_8/byethost24.com/b24_38059003/htdocs/public/index.php(56): CodeIgniter\Boot::bootWeb(Object(Config\Paths))
#13 {main}
CRITICAL - 2025-02-28 10:38:11 --> CodeIgniter\Database\Exceptions\DatabaseException: Unknown column 'sg.set_group_key' in 'where clause'
[Method: GET, Route: contact]
in SYSTEMPATH/Database/BaseConnection.php on line 688.
 1 SYSTEMPATH/Database/BaseBuilder.php(1644): CodeIgniter\Database\BaseConnection->query('SELECT *
FROM `settings` as `s`
LEFT JOIN `setting_groups` as `sg` ON `sg`.`id`=`s`.`set_group_id`
WHERE `sg`.`set_group_key` IN :sg.set_group_key:', [...], false)
 2 SYSTEMPATH/Model.php(286): CodeIgniter\Database\BaseBuilder->get()
 3 SYSTEMPATH/BaseModel.php(676): CodeIgniter\Model->doFindAll(0, 0)
 4 APPPATH/Controllers/Public/Contact.php(14): CodeIgniter\BaseModel->findAll()
 5 SYSTEMPATH/CodeIgniter.php(933): App\Controllers\Public\Contact->index()
 6 SYSTEMPATH/CodeIgniter.php(509): CodeIgniter\CodeIgniter->runController(Object(App\Controllers\Public\Contact))
 7 SYSTEMPATH/CodeIgniter.php(355): CodeIgniter\CodeIgniter->handleRequest(null, Object(Config\Cache), false)
 8 SYSTEMPATH/Boot.php(325): CodeIgniter\CodeIgniter->run()
 9 SYSTEMPATH/Boot.php(67): CodeIgniter\Boot::runCodeIgniter(Object(CodeIgniter\CodeIgniter))
10 FCPATH/index.php(56): CodeIgniter\Boot::bootWeb(Object(Config\Paths))
CRITICAL - 2025-02-28 10:38:11 --> [Caused by] CodeIgniter\Database\Exceptions\DatabaseException: Unknown column 'sg.set_group_key' in 'where clause'
in SYSTEMPATH/Database/MySQLi/Connection.php on line 317.
 1 SYSTEMPATH/Database/BaseConnection.php(734): CodeIgniter\Database\MySQLi\Connection->execute('SELECT *
FROM `settings` as `s`
LEFT JOIN `setting_groups` as `sg` ON `sg`.`id`=`s`.`set_group_id`
WHERE `sg`.`set_group_key` IN (\'SOCIAL\',\'CONTACT\')')
 2 SYSTEMPATH/Database/BaseConnection.php(648): CodeIgniter\Database\BaseConnection->simpleQuery('SELECT *
FROM `settings` as `s`
LEFT JOIN `setting_groups` as `sg` ON `sg`.`id`=`s`.`set_group_id`
WHERE `sg`.`set_group_key` IN (\'SOCIAL\',\'CONTACT\')')
 3 SYSTEMPATH/Database/BaseBuilder.php(1644): CodeIgniter\Database\BaseConnection->query('SELECT *
FROM `settings` as `s`
LEFT JOIN `setting_groups` as `sg` ON `sg`.`id`=`s`.`set_group_id`
WHERE `sg`.`set_group_key` IN :sg.set_group_key:', [...], false)
 4 SYSTEMPATH/Model.php(286): CodeIgniter\Database\BaseBuilder->get()
 5 SYSTEMPATH/BaseModel.php(676): CodeIgniter\Model->doFindAll(0, 0)
 6 APPPATH/Controllers/Public/Contact.php(14): CodeIgniter\BaseModel->findAll()
 7 SYSTEMPATH/CodeIgniter.php(933): App\Controllers\Public\Contact->index()
 8 SYSTEMPATH/CodeIgniter.php(509): CodeIgniter\CodeIgniter->runController(Object(App\Controllers\Public\Contact))
 9 SYSTEMPATH/CodeIgniter.php(355): CodeIgniter\CodeIgniter->handleRequest(null, Object(Config\Cache), false)
10 SYSTEMPATH/Boot.php(325): CodeIgniter\CodeIgniter->run()
11 SYSTEMPATH/Boot.php(67): CodeIgniter\Boot::runCodeIgniter(Object(CodeIgniter\CodeIgniter))
12 FCPATH/index.php(56): CodeIgniter\Boot::bootWeb(Object(Config\Paths))
CRITICAL - 2025-02-28 10:38:11 --> [Caused by] mysqli_sql_exception: Unknown column 'sg.set_group_key' in 'where clause'
in SYSTEMPATH/Database/MySQLi/Connection.php on line 312.
 1 SYSTEMPATH/Database/MySQLi/Connection.php(312): mysqli->query('SELECT *
FROM `settings` as `s`
LEFT JOIN `setting_groups` as `sg` ON `sg`.`id`=`s`.`set_group_id`
WHERE `sg`.`set_group_key` IN (\'SOCIAL\',\'CONTACT\')', 0)
 2 SYSTEMPATH/Database/BaseConnection.php(734): CodeIgniter\Database\MySQLi\Connection->execute('SELECT *
FROM `settings` as `s`
LEFT JOIN `setting_groups` as `sg` ON `sg`.`id`=`s`.`set_group_id`
WHERE `sg`.`set_group_key` IN (\'SOCIAL\',\'CONTACT\')')
 3 SYSTEMPATH/Database/BaseConnection.php(648): CodeIgniter\Database\BaseConnection->simpleQuery('SELECT *
FROM `settings` as `s`
LEFT JOIN `setting_groups` as `sg` ON `sg`.`id`=`s`.`set_group_id`
WHERE `sg`.`set_group_key` IN (\'SOCIAL\',\'CONTACT\')')
 4 SYSTEMPATH/Database/BaseBuilder.php(1644): CodeIgniter\Database\BaseConnection->query('SELECT *
FROM `settings` as `s`
LEFT JOIN `setting_groups` as `sg` ON `sg`.`id`=`s`.`set_group_id`
WHERE `sg`.`set_group_key` IN :sg.set_group_key:', [...], false)
 5 SYSTEMPATH/Model.php(286): CodeIgniter\Database\BaseBuilder->get()
 6 SYSTEMPATH/BaseModel.php(676): CodeIgniter\Model->doFindAll(0, 0)
 7 APPPATH/Controllers/Public/Contact.php(14): CodeIgniter\BaseModel->findAll()
 8 SYSTEMPATH/CodeIgniter.php(933): App\Controllers\Public\Contact->index()
 9 SYSTEMPATH/CodeIgniter.php(509): CodeIgniter\CodeIgniter->runController(Object(App\Controllers\Public\Contact))
10 SYSTEMPATH/CodeIgniter.php(355): CodeIgniter\CodeIgniter->handleRequest(null, Object(Config\Cache), false)
11 SYSTEMPATH/Boot.php(325): CodeIgniter\CodeIgniter->run()
12 SYSTEMPATH/Boot.php(67): CodeIgniter\Boot::runCodeIgniter(Object(CodeIgniter\CodeIgniter))
13 FCPATH/index.php(56): CodeIgniter\Boot::bootWeb(Object(Config\Paths))
INFO - 2025-02-28 10:39:15 --> Session: Class initialized using 'CodeIgniter\Session\Handlers\FileHandler' driver.
ERROR - 2025-02-28 10:39:15 --> mysqli_sql_exception: Unknown column 'sg.set_group_key' in 'where clause' in /home/vol2_8/byethost24.com/b24_38059003/htdocs/system/Database/MySQLi/Connection.php:312
Stack trace:
#0 /home/vol2_8/byethost24.com/b24_38059003/htdocs/system/Database/MySQLi/Connection.php(312): mysqli->query('SELECT *\nFROM `...', 0)
#1 /home/vol2_8/byethost24.com/b24_38059003/htdocs/system/Database/BaseConnection.php(734): CodeIgniter\Database\MySQLi\Connection->execute('SELECT *\nFROM `...')
#2 /home/vol2_8/byethost24.com/b24_38059003/htdocs/system/Database/BaseConnection.php(648): CodeIgniter\Database\BaseConnection->simpleQuery('SELECT *\nFROM `...')
#3 /home/vol2_8/byethost24.com/b24_38059003/htdocs/system/Database/BaseBuilder.php(1644): CodeIgniter\Database\BaseConnection->query('SELECT *\nFROM `...', Array, false)
#4 /home/vol2_8/byethost24.com/b24_38059003/htdocs/system/Model.php(286): CodeIgniter\Database\BaseBuilder->get()
#5 /home/vol2_8/byethost24.com/b24_38059003/htdocs/system/BaseModel.php(676): CodeIgniter\Model->doFindAll(0, 0)
#6 /home/vol2_8/byethost24.com/b24_38059003/htdocs/app/Controllers/Public/Contact.php(14): CodeIgniter\BaseModel->findAll()
#7 /home/vol2_8/byethost24.com/b24_38059003/htdocs/system/CodeIgniter.php(933): App\Controllers\Public\Contact->index()
#8 /home/vol2_8/byethost24.com/b24_38059003/htdocs/system/CodeIgniter.php(509): CodeIgniter\CodeIgniter->runController(Object(App\Controllers\Public\Contact))
#9 /home/vol2_8/byethost24.com/b24_38059003/htdocs/system/CodeIgniter.php(355): CodeIgniter\CodeIgniter->handleRequest(NULL, Object(Config\Cache), false)
#10 /home/vol2_8/byethost24.com/b24_38059003/htdocs/system/Boot.php(325): CodeIgniter\CodeIgniter->run()
#11 /home/vol2_8/byethost24.com/b24_38059003/htdocs/system/Boot.php(67): CodeIgniter\Boot::runCodeIgniter(Object(CodeIgniter\CodeIgniter))
#12 /home/vol2_8/byethost24.com/b24_38059003/htdocs/public/index.php(56): CodeIgniter\Boot::bootWeb(Object(Config\Paths))
#13 {main}
CRITICAL - 2025-02-28 10:39:15 --> CodeIgniter\Database\Exceptions\DatabaseException: Unknown column 'sg.set_group_key' in 'where clause'
[Method: GET, Route: contact]
in SYSTEMPATH/Database/BaseConnection.php on line 688.
 1 SYSTEMPATH/Database/BaseBuilder.php(1644): CodeIgniter\Database\BaseConnection->query('SELECT *
FROM `settings` as `s`
LEFT JOIN `setting_groups` as `sg` ON `sg`.`id`=`s`.`set_group_id`
WHERE `sg`.`set_group_key` IN :sg.set_group_key:', [...], false)
 2 SYSTEMPATH/Model.php(286): CodeIgniter\Database\BaseBuilder->get()
 3 SYSTEMPATH/BaseModel.php(676): CodeIgniter\Model->doFindAll(0, 0)
 4 APPPATH/Controllers/Public/Contact.php(14): CodeIgniter\BaseModel->findAll()
 5 SYSTEMPATH/CodeIgniter.php(933): App\Controllers\Public\Contact->index()
 6 SYSTEMPATH/CodeIgniter.php(509): CodeIgniter\CodeIgniter->runController(Object(App\Controllers\Public\Contact))
 7 SYSTEMPATH/CodeIgniter.php(355): CodeIgniter\CodeIgniter->handleRequest(null, Object(Config\Cache), false)
 8 SYSTEMPATH/Boot.php(325): CodeIgniter\CodeIgniter->run()
 9 SYSTEMPATH/Boot.php(67): CodeIgniter\Boot::runCodeIgniter(Object(CodeIgniter\CodeIgniter))
10 FCPATH/index.php(56): CodeIgniter\Boot::bootWeb(Object(Config\Paths))
CRITICAL - 2025-02-28 10:39:15 --> [Caused by] CodeIgniter\Database\Exceptions\DatabaseException: Unknown column 'sg.set_group_key' in 'where clause'
in SYSTEMPATH/Database/MySQLi/Connection.php on line 317.
 1 SYSTEMPATH/Database/BaseConnection.php(734): CodeIgniter\Database\MySQLi\Connection->execute('SELECT *
FROM `settings` as `s`
LEFT JOIN `setting_groups` as `sg` ON `sg`.`id`=`s`.`set_group_id`
WHERE `sg`.`set_group_key` IN (\'SOCIAL\',\'CONTACT\')')
 2 SYSTEMPATH/Database/BaseConnection.php(648): CodeIgniter\Database\BaseConnection->simpleQuery('SELECT *
FROM `settings` as `s`
LEFT JOIN `setting_groups` as `sg` ON `sg`.`id`=`s`.`set_group_id`
WHERE `sg`.`set_group_key` IN (\'SOCIAL\',\'CONTACT\')')
 3 SYSTEMPATH/Database/BaseBuilder.php(1644): CodeIgniter\Database\BaseConnection->query('SELECT *
FROM `settings` as `s`
LEFT JOIN `setting_groups` as `sg` ON `sg`.`id`=`s`.`set_group_id`
WHERE `sg`.`set_group_key` IN :sg.set_group_key:', [...], false)
 4 SYSTEMPATH/Model.php(286): CodeIgniter\Database\BaseBuilder->get()
 5 SYSTEMPATH/BaseModel.php(676): CodeIgniter\Model->doFindAll(0, 0)
 6 APPPATH/Controllers/Public/Contact.php(14): CodeIgniter\BaseModel->findAll()
 7 SYSTEMPATH/CodeIgniter.php(933): App\Controllers\Public\Contact->index()
 8 SYSTEMPATH/CodeIgniter.php(509): CodeIgniter\CodeIgniter->runController(Object(App\Controllers\Public\Contact))
 9 SYSTEMPATH/CodeIgniter.php(355): CodeIgniter\CodeIgniter->handleRequest(null, Object(Config\Cache), false)
10 SYSTEMPATH/Boot.php(325): CodeIgniter\CodeIgniter->run()
11 SYSTEMPATH/Boot.php(67): CodeIgniter\Boot::runCodeIgniter(Object(CodeIgniter\CodeIgniter))
12 FCPATH/index.php(56): CodeIgniter\Boot::bootWeb(Object(Config\Paths))
CRITICAL - 2025-02-28 10:39:15 --> [Caused by] mysqli_sql_exception: Unknown column 'sg.set_group_key' in 'where clause'
in SYSTEMPATH/Database/MySQLi/Connection.php on line 312.
 1 SYSTEMPATH/Database/MySQLi/Connection.php(312): mysqli->query('SELECT *
FROM `settings` as `s`
LEFT JOIN `setting_groups` as `sg` ON `sg`.`id`=`s`.`set_group_id`
WHERE `sg`.`set_group_key` IN (\'SOCIAL\',\'CONTACT\')', 0)
 2 SYSTEMPATH/Database/BaseConnection.php(734): CodeIgniter\Database\MySQLi\Connection->execute('SELECT *
FROM `settings` as `s`
LEFT JOIN `setting_groups` as `sg` ON `sg`.`id`=`s`.`set_group_id`
WHERE `sg`.`set_group_key` IN (\'SOCIAL\',\'CONTACT\')')
 3 SYSTEMPATH/Database/BaseConnection.php(648): CodeIgniter\Database\BaseConnection->simpleQuery('SELECT *
FROM `settings` as `s`
LEFT JOIN `setting_groups` as `sg` ON `sg`.`id`=`s`.`set_group_id`
WHERE `sg`.`set_group_key` IN (\'SOCIAL\',\'CONTACT\')')
 4 SYSTEMPATH/Database/BaseBuilder.php(1644): CodeIgniter\Database\BaseConnection->query('SELECT *
FROM `settings` as `s`
LEFT JOIN `setting_groups` as `sg` ON `sg`.`id`=`s`.`set_group_id`
WHERE `sg`.`set_group_key` IN :sg.set_group_key:', [...], false)
 5 SYSTEMPATH/Model.php(286): CodeIgniter\Database\BaseBuilder->get()
 6 SYSTEMPATH/BaseModel.php(676): CodeIgniter\Model->doFindAll(0, 0)
 7 APPPATH/Controllers/Public/Contact.php(14): CodeIgniter\BaseModel->findAll()
 8 SYSTEMPATH/CodeIgniter.php(933): App\Controllers\Public\Contact->index()
 9 SYSTEMPATH/CodeIgniter.php(509): CodeIgniter\CodeIgniter->runController(Object(App\Controllers\Public\Contact))
10 SYSTEMPATH/CodeIgniter.php(355): CodeIgniter\CodeIgniter->handleRequest(null, Object(Config\Cache), false)
11 SYSTEMPATH/Boot.php(325): CodeIgniter\CodeIgniter->run()
12 SYSTEMPATH/Boot.php(67): CodeIgniter\Boot::runCodeIgniter(Object(CodeIgniter\CodeIgniter))
13 FCPATH/index.php(56): CodeIgniter\Boot::bootWeb(Object(Config\Paths))
INFO - 2025-02-28 10:39:27 --> Session: Class initialized using 'CodeIgniter\Session\Handlers\FileHandler' driver.
ERROR - 2025-02-28 10:39:27 --> mysqli_sql_exception: Unknown column 'sg.set_group_key' in 'where clause' in /home/vol2_8/byethost24.com/b24_38059003/htdocs/system/Database/MySQLi/Connection.php:312
Stack trace:
#0 /home/vol2_8/byethost24.com/b24_38059003/htdocs/system/Database/MySQLi/Connection.php(312): mysqli->query('SELECT *\nFROM `...', 0)
#1 /home/vol2_8/byethost24.com/b24_38059003/htdocs/system/Database/BaseConnection.php(734): CodeIgniter\Database\MySQLi\Connection->execute('SELECT *\nFROM `...')
#2 /home/vol2_8/byethost24.com/b24_38059003/htdocs/system/Database/BaseConnection.php(648): CodeIgniter\Database\BaseConnection->simpleQuery('SELECT *\nFROM `...')
#3 /home/vol2_8/byethost24.com/b24_38059003/htdocs/system/Database/BaseBuilder.php(1644): CodeIgniter\Database\BaseConnection->query('SELECT *\nFROM `...', Array, false)
#4 /home/vol2_8/byethost24.com/b24_38059003/htdocs/system/Model.php(286): CodeIgniter\Database\BaseBuilder->get()
#5 /home/vol2_8/byethost24.com/b24_38059003/htdocs/system/BaseModel.php(676): CodeIgniter\Model->doFindAll(0, 0)
#6 /home/vol2_8/byethost24.com/b24_38059003/htdocs/app/Controllers/Public/Contact.php(14): CodeIgniter\BaseModel->findAll()
#7 /home/vol2_8/byethost24.com/b24_38059003/htdocs/system/CodeIgniter.php(933): App\Controllers\Public\Contact->index()
#8 /home/vol2_8/byethost24.com/b24_38059003/htdocs/system/CodeIgniter.php(509): CodeIgniter\CodeIgniter->runController(Object(App\Controllers\Public\Contact))
#9 /home/vol2_8/byethost24.com/b24_38059003/htdocs/system/CodeIgniter.php(355): CodeIgniter\CodeIgniter->handleRequest(NULL, Object(Config\Cache), false)
#10 /home/vol2_8/byethost24.com/b24_38059003/htdocs/system/Boot.php(325): CodeIgniter\CodeIgniter->run()
#11 /home/vol2_8/byethost24.com/b24_38059003/htdocs/system/Boot.php(67): CodeIgniter\Boot::runCodeIgniter(Object(CodeIgniter\CodeIgniter))
#12 /home/vol2_8/byethost24.com/b24_38059003/htdocs/public/index.php(56): CodeIgniter\Boot::bootWeb(Object(Config\Paths))
#13 {main}
CRITICAL - 2025-02-28 10:39:27 --> CodeIgniter\Database\Exceptions\DatabaseException: Unknown column 'sg.set_group_key' in 'where clause'
[Method: GET, Route: contact]
in SYSTEMPATH/Database/BaseConnection.php on line 688.
 1 SYSTEMPATH/Database/BaseBuilder.php(1644): CodeIgniter\Database\BaseConnection->query('SELECT *
FROM `settings` as `s`
LEFT JOIN `setting_groups` as `sg` ON `sg`.`id`=`s`.`set_group_id`
WHERE `sg`.`set_group_key` IN :sg.set_group_key:', [...], false)
 2 SYSTEMPATH/Model.php(286): CodeIgniter\Database\BaseBuilder->get()
 3 SYSTEMPATH/BaseModel.php(676): CodeIgniter\Model->doFindAll(0, 0)
 4 APPPATH/Controllers/Public/Contact.php(14): CodeIgniter\BaseModel->findAll()
 5 SYSTEMPATH/CodeIgniter.php(933): App\Controllers\Public\Contact->index()
 6 SYSTEMPATH/CodeIgniter.php(509): CodeIgniter\CodeIgniter->runController(Object(App\Controllers\Public\Contact))
 7 SYSTEMPATH/CodeIgniter.php(355): CodeIgniter\CodeIgniter->handleRequest(null, Object(Config\Cache), false)
 8 SYSTEMPATH/Boot.php(325): CodeIgniter\CodeIgniter->run()
 9 SYSTEMPATH/Boot.php(67): CodeIgniter\Boot::runCodeIgniter(Object(CodeIgniter\CodeIgniter))
10 FCPATH/index.php(56): CodeIgniter\Boot::bootWeb(Object(Config\Paths))
CRITICAL - 2025-02-28 10:39:27 --> [Caused by] CodeIgniter\Database\Exceptions\DatabaseException: Unknown column 'sg.set_group_key' in 'where clause'
in SYSTEMPATH/Database/MySQLi/Connection.php on line 317.
 1 SYSTEMPATH/Database/BaseConnection.php(734): CodeIgniter\Database\MySQLi\Connection->execute('SELECT *
FROM `settings` as `s`
LEFT JOIN `setting_groups` as `sg` ON `sg`.`id`=`s`.`set_group_id`
WHERE `sg`.`set_group_key` IN (\'SOCIAL\',\'CONTACT\')')
 2 SYSTEMPATH/Database/BaseConnection.php(648): CodeIgniter\Database\BaseConnection->simpleQuery('SELECT *
FROM `settings` as `s`
LEFT JOIN `setting_groups` as `sg` ON `sg`.`id`=`s`.`set_group_id`
WHERE `sg`.`set_group_key` IN (\'SOCIAL\',\'CONTACT\')')
 3 SYSTEMPATH/Database/BaseBuilder.php(1644): CodeIgniter\Database\BaseConnection->query('SELECT *
FROM `settings` as `s`
LEFT JOIN `setting_groups` as `sg` ON `sg`.`id`=`s`.`set_group_id`
WHERE `sg`.`set_group_key` IN :sg.set_group_key:', [...], false)
 4 SYSTEMPATH/Model.php(286): CodeIgniter\Database\BaseBuilder->get()
 5 SYSTEMPATH/BaseModel.php(676): CodeIgniter\Model->doFindAll(0, 0)
 6 APPPATH/Controllers/Public/Contact.php(14): CodeIgniter\BaseModel->findAll()
 7 SYSTEMPATH/CodeIgniter.php(933): App\Controllers\Public\Contact->index()
 8 SYSTEMPATH/CodeIgniter.php(509): CodeIgniter\CodeIgniter->runController(Object(App\Controllers\Public\Contact))
 9 SYSTEMPATH/CodeIgniter.php(355): CodeIgniter\CodeIgniter->handleRequest(null, Object(Config\Cache), false)
10 SYSTEMPATH/Boot.php(325): CodeIgniter\CodeIgniter->run()
11 SYSTEMPATH/Boot.php(67): CodeIgniter\Boot::runCodeIgniter(Object(CodeIgniter\CodeIgniter))
12 FCPATH/index.php(56): CodeIgniter\Boot::bootWeb(Object(Config\Paths))
CRITICAL - 2025-02-28 10:39:27 --> [Caused by] mysqli_sql_exception: Unknown column 'sg.set_group_key' in 'where clause'
in SYSTEMPATH/Database/MySQLi/Connection.php on line 312.
 1 SYSTEMPATH/Database/MySQLi/Connection.php(312): mysqli->query('SELECT *
FROM `settings` as `s`
LEFT JOIN `setting_groups` as `sg` ON `sg`.`id`=`s`.`set_group_id`
WHERE `sg`.`set_group_key` IN (\'SOCIAL\',\'CONTACT\')', 0)
 2 SYSTEMPATH/Database/BaseConnection.php(734): CodeIgniter\Database\MySQLi\Connection->execute('SELECT *
FROM `settings` as `s`
LEFT JOIN `setting_groups` as `sg` ON `sg`.`id`=`s`.`set_group_id`
WHERE `sg`.`set_group_key` IN (\'SOCIAL\',\'CONTACT\')')
 3 SYSTEMPATH/Database/BaseConnection.php(648): CodeIgniter\Database\BaseConnection->simpleQuery('SELECT *
FROM `settings` as `s`
LEFT JOIN `setting_groups` as `sg` ON `sg`.`id`=`s`.`set_group_id`
WHERE `sg`.`set_group_key` IN (\'SOCIAL\',\'CONTACT\')')
 4 SYSTEMPATH/Database/BaseBuilder.php(1644): CodeIgniter\Database\BaseConnection->query('SELECT *
FROM `settings` as `s`
LEFT JOIN `setting_groups` as `sg` ON `sg`.`id`=`s`.`set_group_id`
WHERE `sg`.`set_group_key` IN :sg.set_group_key:', [...], false)
 5 SYSTEMPATH/Model.php(286): CodeIgniter\Database\BaseBuilder->get()
 6 SYSTEMPATH/BaseModel.php(676): CodeIgniter\Model->doFindAll(0, 0)
 7 APPPATH/Controllers/Public/Contact.php(14): CodeIgniter\BaseModel->findAll()
 8 SYSTEMPATH/CodeIgniter.php(933): App\Controllers\Public\Contact->index()
 9 SYSTEMPATH/CodeIgniter.php(509): CodeIgniter\CodeIgniter->runController(Object(App\Controllers\Public\Contact))
10 SYSTEMPATH/CodeIgniter.php(355): CodeIgniter\CodeIgniter->handleRequest(null, Object(Config\Cache), false)
11 SYSTEMPATH/Boot.php(325): CodeIgniter\CodeIgniter->run()
12 SYSTEMPATH/Boot.php(67): CodeIgniter\Boot::runCodeIgniter(Object(CodeIgniter\CodeIgniter))
13 FCPATH/index.php(56): CodeIgniter\Boot::bootWeb(Object(Config\Paths))
INFO - 2025-02-28 10:39:30 --> Session: Class initialized using 'CodeIgniter\Session\Handlers\FileHandler' driver.
INFO - 2025-02-28 10:39:31 --> Session: Class initialized using 'CodeIgniter\Session\Handlers\FileHandler' driver.
INFO - 2025-02-28 10:39:33 --> Session: Class initialized using 'CodeIgniter\Session\Handlers\FileHandler' driver.
ERROR - 2025-02-28 10:39:33 --> mysqli_sql_exception: Unknown column 'sg.set_group_key' in 'where clause' in /home/vol2_8/byethost24.com/b24_38059003/htdocs/system/Database/MySQLi/Connection.php:312
Stack trace:
#0 /home/vol2_8/byethost24.com/b24_38059003/htdocs/system/Database/MySQLi/Connection.php(312): mysqli->query('SELECT *\nFROM `...', 0)
#1 /home/vol2_8/byethost24.com/b24_38059003/htdocs/system/Database/BaseConnection.php(734): CodeIgniter\Database\MySQLi\Connection->execute('SELECT *\nFROM `...')
#2 /home/vol2_8/byethost24.com/b24_38059003/htdocs/system/Database/BaseConnection.php(648): CodeIgniter\Database\BaseConnection->simpleQuery('SELECT *\nFROM `...')
#3 /home/vol2_8/byethost24.com/b24_38059003/htdocs/system/Database/BaseBuilder.php(1644): CodeIgniter\Database\BaseConnection->query('SELECT *\nFROM `...', Array, false)
#4 /home/vol2_8/byethost24.com/b24_38059003/htdocs/system/Model.php(286): CodeIgniter\Database\BaseBuilder->get()
#5 /home/vol2_8/byethost24.com/b24_38059003/htdocs/system/BaseModel.php(676): CodeIgniter\Model->doFindAll(0, 0)
#6 /home/vol2_8/byethost24.com/b24_38059003/htdocs/app/Controllers/Public/Contact.php(14): CodeIgniter\BaseModel->findAll()
#7 /home/vol2_8/byethost24.com/b24_38059003/htdocs/system/CodeIgniter.php(933): App\Controllers\Public\Contact->index()
#8 /home/vol2_8/byethost24.com/b24_38059003/htdocs/system/CodeIgniter.php(509): CodeIgniter\CodeIgniter->runController(Object(App\Controllers\Public\Contact))
#9 /home/vol2_8/byethost24.com/b24_38059003/htdocs/system/CodeIgniter.php(355): CodeIgniter\CodeIgniter->handleRequest(NULL, Object(Config\Cache), false)
#10 /home/vol2_8/byethost24.com/b24_38059003/htdocs/system/Boot.php(325): CodeIgniter\CodeIgniter->run()
#11 /home/vol2_8/byethost24.com/b24_38059003/htdocs/system/Boot.php(67): CodeIgniter\Boot::runCodeIgniter(Object(CodeIgniter\CodeIgniter))
#12 /home/vol2_8/byethost24.com/b24_38059003/htdocs/public/index.php(56): CodeIgniter\Boot::bootWeb(Object(Config\Paths))
#13 {main}
CRITICAL - 2025-02-28 10:39:33 --> CodeIgniter\Database\Exceptions\DatabaseException: Unknown column 'sg.set_group_key' in 'where clause'
[Method: GET, Route: contact]
in SYSTEMPATH/Database/BaseConnection.php on line 688.
 1 SYSTEMPATH/Database/BaseBuilder.php(1644): CodeIgniter\Database\BaseConnection->query('SELECT *
FROM `settings` as `s`
LEFT JOIN `setting_groups` as `sg` ON `sg`.`id`=`s`.`set_group_id`
WHERE `sg`.`set_group_key` IN :sg.set_group_key:', [...], false)
 2 SYSTEMPATH/Model.php(286): CodeIgniter\Database\BaseBuilder->get()
 3 SYSTEMPATH/BaseModel.php(676): CodeIgniter\Model->doFindAll(0, 0)
 4 APPPATH/Controllers/Public/Contact.php(14): CodeIgniter\BaseModel->findAll()
 5 SYSTEMPATH/CodeIgniter.php(933): App\Controllers\Public\Contact->index()
 6 SYSTEMPATH/CodeIgniter.php(509): CodeIgniter\CodeIgniter->runController(Object(App\Controllers\Public\Contact))
 7 SYSTEMPATH/CodeIgniter.php(355): CodeIgniter\CodeIgniter->handleRequest(null, Object(Config\Cache), false)
 8 SYSTEMPATH/Boot.php(325): CodeIgniter\CodeIgniter->run()
 9 SYSTEMPATH/Boot.php(67): CodeIgniter\Boot::runCodeIgniter(Object(CodeIgniter\CodeIgniter))
10 FCPATH/index.php(56): CodeIgniter\Boot::bootWeb(Object(Config\Paths))
CRITICAL - 2025-02-28 10:39:33 --> [Caused by] CodeIgniter\Database\Exceptions\DatabaseException: Unknown column 'sg.set_group_key' in 'where clause'
in SYSTEMPATH/Database/MySQLi/Connection.php on line 317.
 1 SYSTEMPATH/Database/BaseConnection.php(734): CodeIgniter\Database\MySQLi\Connection->execute('SELECT *
FROM `settings` as `s`
LEFT JOIN `setting_groups` as `sg` ON `sg`.`id`=`s`.`set_group_id`
WHERE `sg`.`set_group_key` IN (\'SOCIAL\',\'CONTACT\')')
 2 SYSTEMPATH/Database/BaseConnection.php(648): CodeIgniter\Database\BaseConnection->simpleQuery('SELECT *
FROM `settings` as `s`
LEFT JOIN `setting_groups` as `sg` ON `sg`.`id`=`s`.`set_group_id`
WHERE `sg`.`set_group_key` IN (\'SOCIAL\',\'CONTACT\')')
 3 SYSTEMPATH/Database/BaseBuilder.php(1644): CodeIgniter\Database\BaseConnection->query('SELECT *
FROM `settings` as `s`
LEFT JOIN `setting_groups` as `sg` ON `sg`.`id`=`s`.`set_group_id`
WHERE `sg`.`set_group_key` IN :sg.set_group_key:', [...], false)
 4 SYSTEMPATH/Model.php(286): CodeIgniter\Database\BaseBuilder->get()
 5 SYSTEMPATH/BaseModel.php(676): CodeIgniter\Model->doFindAll(0, 0)
 6 APPPATH/Controllers/Public/Contact.php(14): CodeIgniter\BaseModel->findAll()
 7 SYSTEMPATH/CodeIgniter.php(933): App\Controllers\Public\Contact->index()
 8 SYSTEMPATH/CodeIgniter.php(509): CodeIgniter\CodeIgniter->runController(Object(App\Controllers\Public\Contact))
 9 SYSTEMPATH/CodeIgniter.php(355): CodeIgniter\CodeIgniter->handleRequest(null, Object(Config\Cache), false)
10 SYSTEMPATH/Boot.php(325): CodeIgniter\CodeIgniter->run()
11 SYSTEMPATH/Boot.php(67): CodeIgniter\Boot::runCodeIgniter(Object(CodeIgniter\CodeIgniter))
12 FCPATH/index.php(56): CodeIgniter\Boot::bootWeb(Object(Config\Paths))
CRITICAL - 2025-02-28 10:39:33 --> [Caused by] mysqli_sql_exception: Unknown column 'sg.set_group_key' in 'where clause'
in SYSTEMPATH/Database/MySQLi/Connection.php on line 312.
 1 SYSTEMPATH/Database/MySQLi/Connection.php(312): mysqli->query('SELECT *
FROM `settings` as `s`
LEFT JOIN `setting_groups` as `sg` ON `sg`.`id`=`s`.`set_group_id`
WHERE `sg`.`set_group_key` IN (\'SOCIAL\',\'CONTACT\')', 0)
 2 SYSTEMPATH/Database/BaseConnection.php(734): CodeIgniter\Database\MySQLi\Connection->execute('SELECT *
FROM `settings` as `s`
LEFT JOIN `setting_groups` as `sg` ON `sg`.`id`=`s`.`set_group_id`
WHERE `sg`.`set_group_key` IN (\'SOCIAL\',\'CONTACT\')')
 3 SYSTEMPATH/Database/BaseConnection.php(648): CodeIgniter\Database\BaseConnection->simpleQuery('SELECT *
FROM `settings` as `s`
LEFT JOIN `setting_groups` as `sg` ON `sg`.`id`=`s`.`set_group_id`
WHERE `sg`.`set_group_key` IN (\'SOCIAL\',\'CONTACT\')')
 4 SYSTEMPATH/Database/BaseBuilder.php(1644): CodeIgniter\Database\BaseConnection->query('SELECT *
FROM `settings` as `s`
LEFT JOIN `setting_groups` as `sg` ON `sg`.`id`=`s`.`set_group_id`
WHERE `sg`.`set_group_key` IN :sg.set_group_key:', [...], false)
 5 SYSTEMPATH/Model.php(286): CodeIgniter\Database\BaseBuilder->get()
 6 SYSTEMPATH/BaseModel.php(676): CodeIgniter\Model->doFindAll(0, 0)
 7 APPPATH/Controllers/Public/Contact.php(14): CodeIgniter\BaseModel->findAll()
 8 SYSTEMPATH/CodeIgniter.php(933): App\Controllers\Public\Contact->index()
 9 SYSTEMPATH/CodeIgniter.php(509): CodeIgniter\CodeIgniter->runController(Object(App\Controllers\Public\Contact))
10 SYSTEMPATH/CodeIgniter.php(355): CodeIgniter\CodeIgniter->handleRequest(null, Object(Config\Cache), false)
11 SYSTEMPATH/Boot.php(325): CodeIgniter\CodeIgniter->run()
12 SYSTEMPATH/Boot.php(67): CodeIgniter\Boot::runCodeIgniter(Object(CodeIgniter\CodeIgniter))
13 FCPATH/index.php(56): CodeIgniter\Boot::bootWeb(Object(Config\Paths))
INFO - 2025-02-28 10:41:49 --> Session: Class initialized using 'CodeIgniter\Session\Handlers\FileHandler' driver.
CRITICAL - 2025-02-28 10:41:49 --> ErrorException: Undefined array key "SOCIAL_INSTAGRAM"
[Method: GET, Route: contact]
in APPPATH/Views/public/contact.php on line 17.
 1 APPPATH/Views/public/contact.php(17): CodeIgniter\Debug\Exceptions->errorHandler(2, 'Undefined array key "SOCIAL_INSTAGRAM"', '/home/vol2_8/byethost24.com/b24_38059003/htdocs/app/Views/public/contact.php', 17)
 2 SYSTEMPATH/View/View.php(234): include('/home/vol2_8/byethost24.com/b24_38059003/htdocs/app/Views/public/contact.php')
 3 SYSTEMPATH/View/View.php(237): CodeIgniter\View\View->CodeIgniter\View\{closure}()
 4 SYSTEMPATH/Common.php(1171): CodeIgniter\View\View->render('public/contact.php', [], true)
 5 APPPATH/Controllers/Public/Contact.php(20): view('public/contact.php', [...])
 6 SYSTEMPATH/CodeIgniter.php(933): App\Controllers\Public\Contact->index()
 7 SYSTEMPATH/CodeIgniter.php(509): CodeIgniter\CodeIgniter->runController(Object(App\Controllers\Public\Contact))
 8 SYSTEMPATH/CodeIgniter.php(355): CodeIgniter\CodeIgniter->handleRequest(null, Object(Config\Cache), false)
 9 SYSTEMPATH/Boot.php(325): CodeIgniter\CodeIgniter->run()
10 SYSTEMPATH/Boot.php(67): CodeIgniter\Boot::runCodeIgniter(Object(CodeIgniter\CodeIgniter))
11 FCPATH/index.php(56): CodeIgniter\Boot::bootWeb(Object(Config\Paths))
INFO - 2025-02-28 10:42:54 --> Session: Class initialized using 'CodeIgniter\Session\Handlers\FileHandler' driver.
CRITICAL - 2025-02-28 10:42:54 --> ErrorException: Undefined array key "CONTACT_EMAIL"
[Method: GET, Route: contact]
in APPPATH/Views/public/contact.php on line 28.
 1 APPPATH/Views/public/contact.php(28): CodeIgniter\Debug\Exceptions->errorHandler(2, 'Undefined array key "CONTACT_EMAIL"', '/home/vol2_8/byethost24.com/b24_38059003/htdocs/app/Views/public/contact.php', 28)
 2 SYSTEMPATH/View/View.php(234): include('/home/vol2_8/byethost24.com/b24_38059003/htdocs/app/Views/public/contact.php')
 3 SYSTEMPATH/View/View.php(237): CodeIgniter\View\View->CodeIgniter\View\{closure}()
 4 SYSTEMPATH/Common.php(1171): CodeIgniter\View\View->render('public/contact.php', [], true)
 5 APPPATH/Controllers/Public/Contact.php(20): view('public/contact.php', [...])
 6 SYSTEMPATH/CodeIgniter.php(933): App\Controllers\Public\Contact->index()
 7 SYSTEMPATH/CodeIgniter.php(509): CodeIgniter\CodeIgniter->runController(Object(App\Controllers\Public\Contact))
 8 SYSTEMPATH/CodeIgniter.php(355): CodeIgniter\CodeIgniter->handleRequest(null, Object(Config\Cache), false)
 9 SYSTEMPATH/Boot.php(325): CodeIgniter\CodeIgniter->run()
10 SYSTEMPATH/Boot.php(67): CodeIgniter\Boot::runCodeIgniter(Object(CodeIgniter\CodeIgniter))
11 FCPATH/index.php(56): CodeIgniter\Boot::bootWeb(Object(Config\Paths))
INFO - 2025-02-28 10:42:55 --> Session: Class initialized using 'CodeIgniter\Session\Handlers\FileHandler' driver.
CRITICAL - 2025-02-28 10:42:55 --> ErrorException: Undefined array key "CONTACT_EMAIL"
[Method: GET, Route: contact]
in APPPATH/Views/public/contact.php on line 28.
 1 APPPATH/Views/public/contact.php(28): CodeIgniter\Debug\Exceptions->errorHandler(2, 'Undefined array key "CONTACT_EMAIL"', '/home/vol2_8/byethost24.com/b24_38059003/htdocs/app/Views/public/contact.php', 28)
 2 SYSTEMPATH/View/View.php(234): include('/home/vol2_8/byethost24.com/b24_38059003/htdocs/app/Views/public/contact.php')
 3 SYSTEMPATH/View/View.php(237): CodeIgniter\View\View->CodeIgniter\View\{closure}()
 4 SYSTEMPATH/Common.php(1171): CodeIgniter\View\View->render('public/contact.php', [], true)
 5 APPPATH/Controllers/Public/Contact.php(20): view('public/contact.php', [...])
 6 SYSTEMPATH/CodeIgniter.php(933): App\Controllers\Public\Contact->index()
 7 SYSTEMPATH/CodeIgniter.php(509): CodeIgniter\CodeIgniter->runController(Object(App\Controllers\Public\Contact))
 8 SYSTEMPATH/CodeIgniter.php(355): CodeIgniter\CodeIgniter->handleRequest(null, Object(Config\Cache), false)
 9 SYSTEMPATH/Boot.php(325): CodeIgniter\CodeIgniter->run()
10 SYSTEMPATH/Boot.php(67): CodeIgniter\Boot::runCodeIgniter(Object(CodeIgniter\CodeIgniter))
11 FCPATH/index.php(56): CodeIgniter\Boot::bootWeb(Object(Config\Paths))
INFO - 2025-02-28 10:43:44 --> Session: Class initialized using 'CodeIgniter\Session\Handlers\FileHandler' driver.
CRITICAL - 2025-02-28 10:43:44 --> ErrorException: Undefined array key "CONTACT_LOCATION"
[Method: GET, Route: contact]
in APPPATH/Views/public/contact.php on line 33.
 1 APPPATH/Views/public/contact.php(33): CodeIgniter\Debug\Exceptions->errorHandler(2, 'Undefined array key "CONTACT_LOCATION"', '/home/vol2_8/byethost24.com/b24_38059003/htdocs/app/Views/public/contact.php', 33)
 2 SYSTEMPATH/View/View.php(234): include('/home/vol2_8/byethost24.com/b24_38059003/htdocs/app/Views/public/contact.php')
 3 SYSTEMPATH/View/View.php(237): CodeIgniter\View\View->CodeIgniter\View\{closure}()
 4 SYSTEMPATH/Common.php(1171): CodeIgniter\View\View->render('public/contact.php', [], true)
 5 APPPATH/Controllers/Public/Contact.php(20): view('public/contact.php', [...])
 6 SYSTEMPATH/CodeIgniter.php(933): App\Controllers\Public\Contact->index()
 7 SYSTEMPATH/CodeIgniter.php(509): CodeIgniter\CodeIgniter->runController(Object(App\Controllers\Public\Contact))
 8 SYSTEMPATH/CodeIgniter.php(355): CodeIgniter\CodeIgniter->handleRequest(null, Object(Config\Cache), false)
 9 SYSTEMPATH/Boot.php(325): CodeIgniter\CodeIgniter->run()
10 SYSTEMPATH/Boot.php(67): CodeIgniter\Boot::runCodeIgniter(Object(CodeIgniter\CodeIgniter))
11 FCPATH/index.php(56): CodeIgniter\Boot::bootWeb(Object(Config\Paths))
INFO - 2025-02-28 10:44:35 --> Session: Class initialized using 'CodeIgniter\Session\Handlers\FileHandler' driver.
INFO - 2025-02-28 10:44:41 --> Session: Class initialized using 'CodeIgniter\Session\Handlers\FileHandler' driver.
INFO - 2025-02-28 10:44:45 --> Session: Class initialized using 'CodeIgniter\Session\Handlers\FileHandler' driver.
INFO - 2025-02-28 10:44:45 --> Session: Class initialized using 'CodeIgniter\Session\Handlers\FileHandler' driver.
INFO - 2025-02-28 10:44:47 --> Session: Class initialized using 'CodeIgniter\Session\Handlers\FileHandler' driver.
INFO - 2025-02-28 10:44:48 --> Session: Class initialized using 'CodeIgniter\Session\Handlers\FileHandler' driver.
INFO - 2025-02-28 10:44:55 --> Session: Class initialized using 'CodeIgniter\Session\Handlers\FileHandler' driver.
INFO - 2025-02-28 10:44:57 --> Session: Class initialized using 'CodeIgniter\Session\Handlers\FileHandler' driver.
INFO - 2025-02-28 10:45:03 --> Session: Class initialized using 'CodeIgniter\Session\Handlers\FileHandler' driver.
INFO - 2025-02-28 10:45:03 --> Session: Class initialized using 'CodeIgniter\Session\Handlers\FileHandler' driver.
INFO - 2025-02-28 10:45:11 --> Session: Class initialized using 'CodeIgniter\Session\Handlers\FileHandler' driver.
INFO - 2025-02-28 10:45:12 --> Session: Class initialized using 'CodeIgniter\Session\Handlers\FileHandler' driver.
INFO - 2025-02-28 10:45:15 --> Session: Class initialized using 'CodeIgniter\Session\Handlers\FileHandler' driver.
INFO - 2025-02-28 10:45:17 --> Session: Class initialized using 'CodeIgniter\Session\Handlers\FileHandler' driver.
INFO - 2025-02-28 12:48:03 --> Session: Class initialized using 'CodeIgniter\Session\Handlers\FileHandler' driver.
INFO - 2025-02-28 12:48:08 --> Session: Class initialized using 'CodeIgniter\Session\Handlers\FileHandler' driver.
INFO - 2025-02-28 12:48:17 --> Session: Class initialized using 'CodeIgniter\Session\Handlers\FileHandler' driver.
INFO - 2025-02-28 12:48:32 --> Session: Class initialized using 'CodeIgniter\Session\Handlers\FileHandler' driver.
INFO - 2025-02-28 12:48:40 --> Session: Class initialized using 'CodeIgniter\Session\Handlers\FileHandler' driver.
INFO - 2025-02-28 12:48:46 --> Session: Class initialized using 'CodeIgniter\Session\Handlers\FileHandler' driver.
INFO - 2025-02-28 12:48:50 --> Session: Class initialized using 'CodeIgniter\Session\Handlers\FileHandler' driver.
INFO - 2025-02-28 12:49:04 --> Session: Class initialized using 'CodeIgniter\Session\Handlers\FileHandler' driver.
INFO - 2025-02-28 12:53:14 --> Session: Class initialized using 'CodeIgniter\Session\Handlers\FileHandler' driver.
INFO - 2025-02-28 12:53:19 --> Session: Class initialized using 'CodeIgniter\Session\Handlers\FileHandler' driver.
INFO - 2025-02-28 12:54:07 --> Session: Class initialized using 'CodeIgniter\Session\Handlers\FileHandler' driver.
INFO - 2025-02-28 12:54:10 --> Session: Class initialized using 'CodeIgniter\Session\Handlers\FileHandler' driver.
